Making install in src
make[1]: Entering directory `/home/jian/work/nsp/src'
Making install in util
make[2]: Entering directory `/home/jian/work/nsp/src/util'
make[3]: Entering directory `/home/jian/work/nsp/src/util'
make[3]: Nothing to be done for `install-exec-am'.
make[3]: Nothing to be done for `install-data-am'.
make[3]: Leaving directory `/home/jian/work/nsp/src/util'
make[2]: Leaving directory `/home/jian/work/nsp/src/util'
Making install in dg
make[2]: Entering directory `/home/jian/work/nsp/src/dg'
make[3]: Entering directory `/home/jian/work/nsp/src/dg'
make[3]: Nothing to be done for `install-exec-am'.
make[3]: Nothing to be done for `install-data-am'.
make[3]: Leaving directory `/home/jian/work/nsp/src/dg'
make[2]: Leaving directory `/home/jian/work/nsp/src/dg'
Making install in cluster
make[2]: Entering directory `/home/jian/work/nsp/src/cluster'
make[3]: Entering directory `/home/jian/work/nsp/src/cluster'
make[3]: Nothing to be done for `install-exec-am'.
make[3]: Nothing to be done for `install-data-am'.
make[3]: Leaving directory `/home/jian/work/nsp/src/cluster'
make[2]: Leaving directory `/home/jian/work/nsp/src/cluster'
Making install in pdb
make[2]: Entering directory `/home/jian/work/nsp/src/pdb'
make[3]: Entering directory `/home/jian/work/nsp/src/pdb'
make[3]: Nothing to be done for `install-exec-am'.
make[3]: Nothing to be done for `install-data-am'.
make[3]: Leaving directory `/home/jian/work/nsp/src/pdb'
make[2]: Leaving directory `/home/jian/work/nsp/src/pdb'
Making install in mc
make[2]: Entering directory `/home/jian/work/nsp/src/mc'
make[3]: Entering directory `/home/jian/work/nsp/src/mc'
make[3]: Nothing to be done for `install-exec-am'.
make[3]: Nothing to be done for `install-data-am'.
make[3]: Leaving directory `/home/jian/work/nsp/src/mc'
make[2]: Leaving directory `/home/jian/work/nsp/src/mc'
Making install in scoring
make[2]: Entering directory `/home/jian/work/nsp/src/scoring'
make[3]: Entering directory `/home/jian/work/nsp/src/scoring'
make[3]: Nothing to be done for `install-exec-am'.
make[3]: Nothing to be done for `install-data-am'.
make[3]: Leaving directory `/home/jian/work/nsp/src/scoring'
make[2]: Leaving directory `/home/jian/work/nsp/src/scoring'
Making install in nuc2d
make[2]: Entering directory `/home/jian/work/nsp/src/nuc2d'
g++-4.9 -DPACKAGE_NAME=\"nsp\" -DPACKAGE_TARNAME=\"nsp\" -DPACKAGE_VERSION=\"2.0\" -DPACKAGE_STRING=\"nsp\ 2.0\" -DPACKAGE_BUGREPORT=\"wj_hust08@163.com\" -DPACKAGE=\"nsp\" -DVERSION=\"2.0\" -I.     -g -std=c++14 -I/home/jian/work/nsp/src -MT Seq2Ss.o -MD -MP -MF .deps/Seq2Ss.Tpo -c -o Seq2Ss.o Seq2Ss.cpp
mv -f .deps/Seq2Ss.Tpo .deps/Seq2Ss.Po
g++-4.9 -DPACKAGE_NAME=\"nsp\" -DPACKAGE_TARNAME=\"nsp\" -DPACKAGE_VERSION=\"2.0\" -DPACKAGE_STRING=\"nsp\ 2.0\" -DPACKAGE_BUGREPORT=\"wj_hust08@163.com\" -DPACKAGE=\"nsp\" -DVERSION=\"2.0\" -I.     -g -std=c++14 -I/home/jian/work/nsp/src -MT Seq2Tri.o -MD -MP -MF .deps/Seq2Tri.Tpo -c -o Seq2Tri.o Seq2Tri.cpp
mv -f .deps/Seq2Tri.Tpo .deps/Seq2Tri.Po
g++-4.9 -DPACKAGE_NAME=\"nsp\" -DPACKAGE_TARNAME=\"nsp\" -DPACKAGE_VERSION=\"2.0\" -DPACKAGE_STRING=\"nsp\ 2.0\" -DPACKAGE_BUGREPORT=\"wj_hust08@163.com\" -DPACKAGE=\"nsp\" -DVERSION=\"2.0\" -I.     -g -std=c++14 -I/home/jian/work/nsp/src -MT Seq2Qua.o -MD -MP -MF .deps/Seq2Qua.Tpo -c -o Seq2Qua.o Seq2Qua.cpp
mv -f .deps/Seq2Qua.Tpo .deps/Seq2Qua.Po
rm -f libnuc2d.a
ar cru libnuc2d.a helix.o loop.o N2D.o Seq2Ss.o Seq2Tri.o Seq2Qua.o 
ranlib libnuc2d.a
make[3]: Entering directory `/home/jian/work/nsp/src/nuc2d'
make[3]: Nothing to be done for `install-exec-am'.
make[3]: Nothing to be done for `install-data-am'.
make[3]: Leaving directory `/home/jian/work/nsp/src/nuc2d'
make[2]: Leaving directory `/home/jian/work/nsp/src/nuc2d'
Making install in nuc3d
make[2]: Entering directory `/home/jian/work/nsp/src/nuc3d'
g++-4.9 -DPACKAGE_NAME=\"nsp\" -DPACKAGE_TARNAME=\"nsp\" -DPACKAGE_VERSION=\"2.0\" -DPACKAGE_STRING=\"nsp\ 2.0\" -DPACKAGE_BUGREPORT=\"wj_hust08@163.com\" -DPACKAGE=\"nsp\" -DVERSION=\"2.0\" -I.     -g -std=c++14 -I/home/jian/work/nsp/src -MT Assemble.o -MD -MP -MF .deps/Assemble.Tpo -c -o Assemble.o Assemble.cpp
mv -f .deps/Assemble.Tpo .deps/Assemble.Po
g++-4.9 -DPACKAGE_NAME=\"nsp\" -DPACKAGE_TARNAME=\"nsp\" -DPACKAGE_VERSION=\"2.0\" -DPACKAGE_STRING=\"nsp\ 2.0\" -DPACKAGE_BUGREPORT=\"wj_hust08@163.com\" -DPACKAGE=\"nsp\" -DVERSION=\"2.0\" -I.     -g -std=c++14 -I/home/jian/work/nsp/src -MT ass_templates.o -MD -MP -MF .deps/ass_templates.Tpo -c -o ass_templates.o ass_templates.cpp
mv -f .deps/ass_templates.Tpo .deps/ass_templates.Po
g++-4.9 -DPACKAGE_NAME=\"nsp\" -DPACKAGE_TARNAME=\"nsp\" -DPACKAGE_VERSION=\"2.0\" -DPACKAGE_STRING=\"nsp\ 2.0\" -DPACKAGE_BUGREPORT=\"wj_hust08@163.com\" -DPACKAGE=\"nsp\" -DVERSION=\"2.0\" -I.     -g -std=c++14 -I/home/jian/work/nsp/src -MT Connect.o -MD -MP -MF .deps/Connect.Tpo -c -o Connect.o Connect.cpp
mv -f .deps/Connect.Tpo .deps/Connect.Po
g++-4.9 -DPACKAGE_NAME=\"nsp\" -DPACKAGE_TARNAME=\"nsp\" -DPACKAGE_VERSION=\"2.0\" -DPACKAGE_STRING=\"nsp\ 2.0\" -DPACKAGE_BUGREPORT=\"wj_hust08@163.com\" -DPACKAGE=\"nsp\" -DVERSION=\"2.0\" -I.     -g -std=c++14 -I/home/jian/work/nsp/src -MT find_templates.o -MD -MP -MF .deps/find_templates.Tpo -c -o find_templates.o find_templates.cpp
mv -f .deps/find_templates.Tpo .deps/find_templates.Po
g++-4.9 -DPACKAGE_NAME=\"nsp\" -DPACKAGE_TARNAME=\"nsp\" -DPACKAGE_VERSION=\"2.0\" -DPACKAGE_STRING=\"nsp\ 2.0\" -DPACKAGE_BUGREPORT=\"wj_hust08@163.com\" -DPACKAGE=\"nsp\" -DVERSION=\"2.0\" -I.     -g -std=c++14 -I/home/jian/work/nsp/src -MT LoopModelling2.o -MD -MP -MF .deps/LoopModelling2.Tpo -c -o LoopModelling2.o LoopModelling2.cpp
mv -f .deps/LoopModelling2.Tpo .deps/LoopModelling2.Po
g++-4.9 -DPACKAGE_NAME=\"nsp\" -DPACKAGE_TARNAME=\"nsp\" -DPACKAGE_VERSION=\"2.0\" -DPACKAGE_STRING=\"nsp\ 2.0\" -DPACKAGE_BUGREPORT=\"wj_hust08@163.com\" -DPACKAGE=\"nsp\" -DVERSION=\"2.0\" -I.     -g -std=c++14 -I/home/jian/work/nsp/src -MT Transform.o -MD -MP -MF .deps/Transform.Tpo -c -o Transform.o Transform.cpp
mv -f .deps/Transform.Tpo .deps/Transform.Po
g++-4.9 -DPACKAGE_NAME=\"nsp\" -DPACKAGE_TARNAME=\"nsp\" -DPACKAGE_VERSION=\"2.0\" -DPACKAGE_STRING=\"nsp\ 2.0\" -DPACKAGE_BUGREPORT=\"wj_hust08@163.com\" -DPACKAGE=\"nsp\" -DVERSION=\"2.0\" -I.     -g -std=c++14 -I/home/jian/work/nsp/src -MT AddPhos.o -MD -MP -MF .deps/AddPhos.Tpo -c -o AddPhos.o AddPhos.cpp
mv -f .deps/AddPhos.Tpo .deps/AddPhos.Po
g++-4.9 -DPACKAGE_NAME=\"nsp\" -DPACKAGE_TARNAME=\"nsp\" -DPACKAGE_VERSION=\"2.0\" -DPACKAGE_STRING=\"nsp\ 2.0\" -DPACKAGE_BUGREPORT=\"wj_hust08@163.com\" -DPACKAGE=\"nsp\" -DVERSION=\"2.0\" -I.     -g -std=c++14 -I/home/jian/work/nsp/src -MT BuildNuc.o -MD -MP -MF .deps/BuildNuc.Tpo -c -o BuildNuc.o BuildNuc.cpp
mv -f .deps/BuildNuc.Tpo .deps/BuildNuc.Po
g++-4.9 -DPACKAGE_NAME=\"nsp\" -DPACKAGE_TARNAME=\"nsp\" -DPACKAGE_VERSION=\"2.0\" -DPACKAGE_STRING=\"nsp\ 2.0\" -DPACKAGE_BUGREPORT=\"wj_hust08@163.com\" -DPACKAGE=\"nsp\" -DVERSION=\"2.0\" -I.     -g -std=c++14 -I/home/jian/work/nsp/src -MT JunctBuild.o -MD -MP -MF .deps/JunctBuild.Tpo -c -o JunctBuild.o JunctBuild.cpp
mv -f .deps/JunctBuild.Tpo .deps/JunctBuild.Po
g++-4.9 -DPACKAGE_NAME=\"nsp\" -DPACKAGE_TARNAME=\"nsp\" -DPACKAGE_VERSION=\"2.0\" -DPACKAGE_STRING=\"nsp\ 2.0\" -DPACKAGE_BUGREPORT=\"wj_hust08@163.com\" -DPACKAGE=\"nsp\" -DVERSION=\"2.0\" -I.     -g -std=c++14 -I/home/jian/work/nsp/src -MT Split.o -MD -MP -MF .deps/Split.Tpo -c -o Split.o Split.cpp
mv -f .deps/Split.Tpo .deps/Split.Po
g++-4.9 -DPACKAGE_NAME=\"nsp\" -DPACKAGE_TARNAME=\"nsp\" -DPACKAGE_VERSION=\"2.0\" -DPACKAGE_STRING=\"nsp\ 2.0\" -DPACKAGE_BUGREPORT=\"wj_hust08@163.com\" -DPACKAGE=\"nsp\" -DVERSION=\"2.0\" -I.     -g -std=c++14 -I/home/jian/work/nsp/src -MT BuildHelix.o -MD -MP -MF .deps/BuildHelix.Tpo -c -o BuildHelix.o BuildHelix.cpp
mv -f .deps/BuildHelix.Tpo .deps/BuildHelix.Po
g++-4.9 -DPACKAGE_NAME=\"nsp\" -DPACKAGE_TARNAME=\"nsp\" -DPACKAGE_VERSION=\"2.0\" -DPACKAGE_STRING=\"nsp\ 2.0\" -DPACKAGE_BUGREPORT=\"wj_hust08@163.com\" -DPACKAGE=\"nsp\" -DVERSION=\"2.0\" -I.     -g -std=c++14 -I/home/jian/work/nsp/src -MT util.o -MD -MP -MF .deps/util.Tpo -c -o util.o util.cpp
mv -f .deps/util.Tpo .deps/util.Po
g++-4.9 -DPACKAGE_NAME=\"nsp\" -DPACKAGE_TARNAME=\"nsp\" -DPACKAGE_VERSION=\"2.0\" -DPACKAGE_STRING=\"nsp\ 2.0\" -DPACKAGE_BUGREPORT=\"wj_hust08@163.com\" -DPACKAGE=\"nsp\" -DVERSION=\"2.0\" -I.     -g -std=c++14 -I/home/jian/work/nsp/src -MT LM.o -MD -MP -MF .deps/LM.Tpo -c -o LM.o LM.cpp
mv -f .deps/LM.Tpo .deps/LM.Po
g++-4.9 -DPACKAGE_NAME=\"nsp\" -DPACKAGE_TARNAME=\"nsp\" -DPACKAGE_VERSION=\"2.0\" -DPACKAGE_STRING=\"nsp\ 2.0\" -DPACKAGE_BUGREPORT=\"wj_hust08@163.com\" -DPACKAGE=\"nsp\" -DVERSION=\"2.0\" -I.     -g -std=c++14 -I/home/jian/work/nsp/src -MT LM2.o -MD -MP -MF .deps/LM2.Tpo -c -o LM2.o LM2.cpp
mv -f .deps/LM2.Tpo .deps/LM2.Po
rm -f libnuc3d.a
ar cru libnuc3d.a Assemble.o ass_templates.o Connect.o find_templates.o LoopModelling2.o Transform.o AddPhos.o BuildNuc.o JunctBuild.o Split.o BuildHelix.o util.o LM.o LM2.o 
ranlib libnuc3d.a
make[3]: Entering directory `/home/jian/work/nsp/src/nuc3d'
make[3]: Nothing to be done for `install-exec-am'.
make[3]: Nothing to be done for `install-data-am'.
make[3]: Leaving directory `/home/jian/work/nsp/src/nuc3d'
make[2]: Leaving directory `/home/jian/work/nsp/src/nuc3d'
Making install in nsp
make[2]: Entering directory `/home/jian/work/nsp/src/nsp'
g++-4.9 -DPACKAGE_NAME=\"nsp\" -DPACKAGE_TARNAME=\"nsp\" -DPACKAGE_VERSION=\"2.0\" -DPACKAGE_STRING=\"nsp\ 2.0\" -DPACKAGE_BUGREPORT=\"wj_hust08@163.com\" -DPACKAGE=\"nsp\" -DVERSION=\"2.0\" -I.     -g -std=c++14 -I/home/jian/work/nsp/src -MT nsp.o -MD -MP -MF .deps/nsp.Tpo -c -o nsp.o nsp.cpp
mv -f .deps/nsp.Tpo .deps/nsp.Po
g++-4.9  -g -std=c++14 -I/home/jian/work/nsp/src   -o nsp nsp.o ../scoring/libscoring.a ../nuc3d/libnuc3d.a ../nuc2d/libnuc2d.a ../mc/libmc.a ../pdb/libpdb.a ../cluster/libcluster.a ../dg/libdg.a ../util/libutil.a 
make[3]: Entering directory `/home/jian/work/nsp/src/nsp'
test -z "/home/jian/programs/nsp/bin" || /bin/mkdir -p "/home/jian/programs/nsp/bin"
  /usr/bin/install -c nsp '/home/jian/programs/nsp/bin'
make[3]: Nothing to be done for `install-data-am'.
make[3]: Leaving directory `/home/jian/work/nsp/src/nsp'
make[2]: Leaving directory `/home/jian/work/nsp/src/nsp'
make[2]: Entering directory `/home/jian/work/nsp/src'
make[3]: Entering directory `/home/jian/work/nsp/src'
make[3]: Nothing to be done for `install-exec-am'.
make[3]: Nothing to be done for `install-data-am'.
make[3]: Leaving directory `/home/jian/work/nsp/src'
make[2]: Leaving directory `/home/jian/work/nsp/src'
make[1]: Leaving directory `/home/jian/work/nsp/src'
make[1]: Entering directory `/home/jian/work/nsp'
make[2]: Entering directory `/home/jian/work/nsp'
make[2]: Nothing to be done for `install-exec-am'.
make[2]: Nothing to be done for `install-data-am'.
make[2]: Leaving directory `/home/jian/work/nsp'
make[1]: Leaving directory `/home/jian/work/nsp'
